[themes.startbootstrap.com/flex-admin-v1.2]
[themes.startbootstrap.com/flex-admin-v1.2/index.html]
[backblue.gif]
[fade.gif]
[index.html]
[themes.startbootstrap.com/flex-admin-v1.2/js/plugins/pace/pace.js]
[themes.startbootstrap.com/flex-admin-v1.2/index-2.html]
[themes.startbootstrap.com/flex-admin-v1.2/img/flex-admin-logo.png]
[themes.startbootstrap.com/flex-admin-v1.2/img/user-profile-1.jpg]
[themes.startbootstrap.com/flex-admin-v1.2/img/user-profile-2.jpg]
[themes.startbootstrap.com/flex-admin-v1.2/img/user-profile-3.jpg]
[themes.startbootstrap.com/flex-admin-v1.2/img/user-profile-4.jpg]
[themes.startbootstrap.com/flex-admin-v1.2/mailbox.html]
[themes.startbootstrap.com/flex-admin-v1.2/profile.html]
[themes.startbootstrap.com/flex-admin-v1.2/calendar.html]
[themes.startbootstrap.com/flex-admin-v1.2/img/profile-pic.jpg]
[themes.startbootstrap.com/flex-admin-v1.2/flot.html]
[themes.startbootstrap.com/flex-admin-v1.2/morris.html]
[themes.startbootstrap.com/flex-admin-v1.2/basic-form-elements.html]
[themes.startbootstrap.com/flex-admin-v1.2/advanced-form-elements.html]
[themes.startbootstrap.com/flex-admin-v1.2/validation.html]
[themes.startbootstrap.com/flex-admin-v1.2/wysiwyg-editor.html]
[themes.startbootstrap.com/flex-admin-v1.2/dropzone-uploader.html]
[themes.startbootstrap.com/flex-admin-v1.2/basic-tables.html]
[themes.startbootstrap.com/flex-admin-v1.2/advanced-tables.html]
[themes.startbootstrap.com/flex-admin-v1.2/portlets.html]
[themes.startbootstrap.com/flex-admin-v1.2/buttons.html]
[themes.startbootstrap.com/flex-admin-v1.2/tabs-accordions.html]
[themes.startbootstrap.com/flex-admin-v1.2/notifications.html]
[themes.startbootstrap.com/flex-admin-v1.2/sliders.html]
[themes.startbootstrap.com/flex-admin-v1.2/typography.html]
[themes.startbootstrap.com/flex-admin-v1.2/icons.html]
[themes.startbootstrap.com/flex-admin-v1.2/grid.html]
[themes.startbootstrap.com/flex-admin-v1.2/compose-message.html]
[themes.startbootstrap.com/flex-admin-v1.2/chat.html]
[themes.startbootstrap.com/flex-admin-v1.2/invoice.html]
[themes.startbootstrap.com/flex-admin-v1.2/pricing.html]
[themes.startbootstrap.com/flex-admin-v1.2/faq.html]
[themes.startbootstrap.com/flex-admin-v1.2/search-results.html]
[themes.startbootstrap.com/flex-admin-v1.2/login.html]
[themes.startbootstrap.com/flex-admin-v1.2/login-social.html]
[themes.startbootstrap.com/flex-admin-v1.2/404.html]
[themes.startbootstrap.com/flex-admin-v1.2/500.html]
[themes.startbootstrap.com/flex-admin-v1.2/blank.html]
[themes.startbootstrap.com/flex-admin-v1.2/img/profile-pic-small.jpg]
[ajax.googleapis.com/ajax/libs/jquery/1.10.2/jquery.min.js]
[themes.startbootstrap.com/flex-admin-v1.2/js/plugins/bootstrap/bootstrap.min.js]
[themes.startbootstrap.com/flex-admin-v1.2/js/plugins/slimscroll/jquery.slimscroll.min.js]
[themes.startbootstrap.com/flex-admin-v1.2/js/plugins/popupoverlay/jquery.popupoverlay.js]
[themes.startbootstrap.com/flex-admin-v1.2/js/plugins/popupoverlay/defaults.js]
[themes.startbootstrap.com/flex-admin-v1.2/js/plugins/popupoverlay/logout.js]
[themes.startbootstrap.com/flex-admin-v1.2/js/plugins/hisrc/hisrc.js]
[themes.startbootstrap.com/flex-admin-v1.2/js/plugins/messenger/messenger.min.js]
[themes.startbootstrap.com/flex-admin-v1.2/js/plugins/messenger/messenger-theme-flat.js]
[themes.startbootstrap.com/flex-admin-v1.2/js/plugins/daterangepicker/moment.js]
[themes.startbootstrap.com/flex-admin-v1.2/js/plugins/daterangepicker/daterangepicker.js]
[themes.startbootstrap.com/flex-admin-v1.2/js/plugins/morris/raphael-2.1.0.min.js]
[themes.startbootstrap.com/flex-admin-v1.2/js/plugins/morris/morris.js]
[themes.startbootstrap.com/flex-admin-v1.2/js/plugins/flot/jquery.flot.js]
[themes.startbootstrap.com/flex-admin-v1.2/js/plugins/flot/jquery.flot.resize.js]
[themes.startbootstrap.com/flex-admin-v1.2/js/plugins/sparkline/jquery.sparkline.min.js]
[themes.startbootstrap.com/flex-admin-v1.2/js/plugins/moment/moment.min.js]
[themes.startbootstrap.com/flex-admin-v1.2/js/plugins/jvectormap/jquery-jvectormap-1.2.2.min.js]
[themes.startbootstrap.com/flex-admin-v1.2/js/plugins/jvectormap/maps/jquery-jvectormap-world-mill-en.js]
[themes.startbootstrap.com/flex-admin-v1.2/js/demo/map-demo-data.js]
[themes.startbootstrap.com/flex-admin-v1.2/js/plugins/easypiechart/jquery.easypiechart.min.js]
[themes.startbootstrap.com/flex-admin-v1.2/js/plugins/datatables/jquery.dataTables.js]
[themes.startbootstrap.com/flex-admin-v1.2/js/plugins/datatables/datatables-bs3.js]
[themes.startbootstrap.com/flex-admin-v1.2/js/flex.js]
[themes.startbootstrap.com/flex-admin-v1.2/js/demo/dashboard-demo.js]
[themes.startbootstrap.com/flex-admin-v1.2/index.html]
[themes.startbootstrap.com/flex-admin-v1.2/css/plugins/pace/pace.css]
[themes.startbootstrap.com/flex-admin-v1.2/css/plugins/fonts/glyphicons-halflings-regular.eot]
[themes.startbootstrap.com/flex-admin-v1.2/css/plugins/fonts/glyphicons-halflings-regular.woff]
[themes.startbootstrap.com/flex-admin-v1.2/css/plugins/fonts/glyphicons-halflings-regulard41d.eot]
[themes.startbootstrap.com/flex-admin-v1.2/css/plugins/fonts/glyphicons-halflings-regular.ttf]
[themes.startbootstrap.com/flex-admin-v1.2/css/plugins/bootstrap/css/bootstrap.min.css]
[themes.startbootstrap.com/flex-admin-v1.2/icons/font-awesome/fonts/fontawesome-webfontba72.eot]
[themes.startbootstrap.com/flex-admin-v1.2/icons/font-awesome/fonts/fontawesome-webfontd41d.eot]
[themes.startbootstrap.com/flex-admin-v1.2/icons/font-awesome/fonts/fontawesome-webfontba72.woff]
[themes.startbootstrap.com/flex-admin-v1.2/icons/font-awesome/fonts/fontawesome-webfontba72.ttf]
[themes.startbootstrap.com/flex-admin-v1.2/icons/font-awesome/css/font-awesome.min.css]
[themes.startbootstrap.com/flex-admin-v1.2/css/plugins/messenger/messenger.css]
[themes.startbootstrap.com/flex-admin-v1.2/css/plugins/messenger/messenger-theme-flat.css]
[themes.startbootstrap.com/flex-admin-v1.2/css/plugins/daterangepicker/daterangepicker-bs3.css]
[themes.startbootstrap.com/flex-admin-v1.2/css/plugins/morris/morris.css]
[themes.startbootstrap.com/flex-admin-v1.2/css/plugins/jvectormap/jquery-jvectormap-1.2.2.css]
[themes.startbootstrap.com/flex-admin-v1.2/img/datatables/sort_both.png]
[themes.startbootstrap.com/flex-admin-v1.2/img/datatables/sort_asc.png]
[themes.startbootstrap.com/flex-admin-v1.2/img/datatables/sort_desc.png]
[themes.startbootstrap.com/flex-admin-v1.2/img/datatables/sort_asc_disabled.png]
[themes.startbootstrap.com/flex-admin-v1.2/img/datatables/sort_desc_disabled.png]
[themes.startbootstrap.com/flex-admin-v1.2/css/plugins/datatables/datatables.css]
[themes.startbootstrap.com/flex-admin-v1.2/img/widget-bg-morning.jpg]
[themes.startbootstrap.com/flex-admin-v1.2/img/widget-bg-afternoon.jpg]
[themes.startbootstrap.com/flex-admin-v1.2/img/widget-bg-evening.jpg]
[themes.startbootstrap.com/flex-admin-v1.2/img/widget-bg-midnight.jpg]
[themes.startbootstrap.com/flex-admin-v1.2/img/checkmark.png]
[themes.startbootstrap.com/flex-admin-v1.2/css/style.css]
[themes.startbootstrap.com/flex-admin-v1.2/css/plugins.css]
[themes.startbootstrap.com/flex-admin-v1.2/css/demo.css]
[themes.startbootstrap.com/flex-admin-v1.2/index-2.html]
[themes.startbootstrap.com/flex-admin-v1.2/js/demo/mailbox-demo.js]
[themes.startbootstrap.com/flex-admin-v1.2/mailbox.html]
[themes.startbootstrap.com/flex-admin-v1.2/img/profile-full.jpg]
[themes.startbootstrap.com/flex-admin-v1.2/profile.html]
[themes.startbootstrap.com/flex-admin-v1.2/js/plugins/fullcalendar/jquery-ui.custom.min.js]
[themes.startbootstrap.com/flex-admin-v1.2/js/plugins/fullcalendar/fullcalendar.min.js]
[themes.startbootstrap.com/flex-admin-v1.2/js/demo/calendar-demo.js]
[themes.startbootstrap.com/flex-admin-v1.2/calendar.html]
[themes.startbootstrap.com/flex-admin-v1.2/js/plugins/flot/jquery.flot.tooltip.min.js]
[themes.startbootstrap.com/flex-admin-v1.2/js/plugins/flot/jquery.flot.pie.js]
[themes.startbootstrap.com/flex-admin-v1.2/js/plugins/flot/flot-demo-data.js]
[themes.startbootstrap.com/flex-admin-v1.2/flot.html]
[themes.startbootstrap.com/flex-admin-v1.2/js/plugins/morris/morris-demo-data.js]
[themes.startbootstrap.com/flex-admin-v1.2/morris.html]
[themes.startbootstrap.com/flex-admin-v1.2/basic-form-elements.html]
[code.jquery.com/ui/1.10.3/themes/smoothness/jquery-ui.css]
[themes.startbootstrap.com/flex-admin-v1.2/js/plugins/bootstrap-tokenfield/bootstrap-tokenfield.min.js]
[themes.startbootstrap.com/flex-admin-v1.2/js/plugins/bootstrap-tokenfield/scrollspy.js]
[themes.startbootstrap.com/flex-admin-v1.2/js/plugins/bootstrap-tokenfield/affix.js]
[code.jquery.com/ui/1.10.3/jquery-ui.js]
[themes.startbootstrap.com/flex-admin-v1.2/js/plugins/bootstrap-tokenfield/typeahead.min.js]
[themes.startbootstrap.com/flex-admin-v1.2/js/plugins/bootstrap-maxlength/bootstrap-maxlength.js]
[themes.startbootstrap.com/flex-admin-v1.2/js/plugins/bootstrap-timepicker/bootstrap-timepicker.min.js]
[themes.startbootstrap.com/flex-admin-v1.2/js/plugins/bootstrap-datepicker/bootstrap-datepicker.js]
[themes.startbootstrap.com/flex-admin-v1.2/js/demo/advanced-form-demo.js]
[themes.startbootstrap.com/flex-admin-v1.2/advanced-form-elements.html]
[themes.startbootstrap.com/flex-admin-v1.2/js/plugins/validate/jquery.validate.min.js]
[themes.startbootstrap.com/flex-admin-v1.2/js/demo/validation-demo.js]
[themes.startbootstrap.com/flex-admin-v1.2/validation.html]
[themes.startbootstrap.com/flex-admin-v1.2/js/plugins/summernote/summernote.min.js]
[themes.startbootstrap.com/flex-admin-v1.2/wysiwyg-editor.html]
[themes.startbootstrap.com/flex-admin-v1.2/js/demo/wysiwyg-demo.js]
[themes.startbootstrap.com/flex-admin-v1.2/js/plugins/dropzone/dropzone.js]
[themes.startbootstrap.com/flex-admin-v1.2/dropzone-uploader.html]
[themes.startbootstrap.com/flex-admin-v1.2/basic-tables.html]
[themes.startbootstrap.com/flex-admin-v1.2/js/demo/advanced-tables-demo.js]
[themes.startbootstrap.com/flex-admin-v1.2/advanced-tables.html]
[themes.startbootstrap.com/flex-admin-v1.2/portlets.html]
[themes.startbootstrap.com/flex-admin-v1.2/js/plugins/ladda/spin.min.js]
[themes.startbootstrap.com/flex-admin-v1.2/js/plugins/ladda/ladda.min.js]
[themes.startbootstrap.com/flex-admin-v1.2/js/plugins/bootstrap-multiselect/bootstrap-multiselect.js]
[themes.startbootstrap.com/flex-admin-v1.2/js/demo/buttons-demo.js]
[themes.startbootstrap.com/flex-admin-v1.2/buttons.html]
[themes.startbootstrap.com/flex-admin-v1.2/tabs-accordions.html]
[themes.startbootstrap.com/flex-admin-v1.2/js/demo/notifications-demo.js]
[themes.startbootstrap.com/flex-admin-v1.2/notifications.html]
[themes.startbootstrap.com/flex-admin-v1.2/js/demo/sliders-demo.js]
[themes.startbootstrap.com/flex-admin-v1.2/sliders.html]
[themes.startbootstrap.com/flex-admin-v1.2/typography.html]
[themes.startbootstrap.com/flex-admin-v1.2/icons.html]
[themes.startbootstrap.com/flex-admin-v1.2/grid.html]
[themes.startbootstrap.com/flex-admin-v1.2/compose-message.html]
[themes.startbootstrap.com/flex-admin-v1.2/chat.html]
[themes.startbootstrap.com/flex-admin-v1.2/invoice.html]
[themes.startbootstrap.com/flex-admin-v1.2/pricing.html]
[themes.startbootstrap.com/flex-admin-v1.2/faq.html]
[themes.startbootstrap.com/flex-admin-v1.2/search-results.html]
[themes.startbootstrap.com/flex-admin-v1.2/login.html]
[themes.startbootstrap.com/flex-admin-v1.2/login-social.html]
[themes.startbootstrap.com/flex-admin-v1.2/404.html]
[themes.startbootstrap.com/flex-admin-v1.2/500.html]
[themes.startbootstrap.com/flex-admin-v1.2/blank.html]
[themes.startbootstrap.com/flex-admin-v1.2/css/plugins/fonts/glyphicons-halflings-regular.svg]
[themes.startbootstrap.com/flex-admin-v1.2/icons/font-awesome/fonts/fontawesome-webfontba72.svg]
[themes.startbootstrap.com/flex-admin-v1.2/css/plugins/fullcalendar/fullcalendar.css]
[themes.startbootstrap.com/flex-admin-v1.2/css/plugins/bootstrap-timepicker/bootstrap-timepicker.min.css]
[code.jquery.com/ui/1.10.3/themes/smoothness/images/animated-overlay.gif]
[code.jquery.com/ui/1.10.3/themes/smoothness/images/ui-bg_flat_75_ffffff_40x100.png]
[code.jquery.com/ui/1.10.3/themes/smoothness/images/ui-bg_highlight-soft_75_cccccc_1x100.png]
[code.jquery.com/ui/1.10.3/themes/smoothness/images/ui-bg_glass_75_e6e6e6_1x400.png]
[code.jquery.com/ui/1.10.3/themes/smoothness/images/ui-bg_glass_75_dadada_1x400.png]
[code.jquery.com/ui/1.10.3/themes/smoothness/images/ui-bg_glass_65_ffffff_1x400.png]
[code.jquery.com/ui/1.10.3/themes/smoothness/images/ui-bg_glass_55_fbf9ee_1x400.png]
[code.jquery.com/ui/1.10.3/themes/smoothness/images/ui-bg_glass_95_fef1ec_1x400.png]
[code.jquery.com/ui/1.10.3/themes/smoothness/images/ui-icons_222222_256x240.png]
[code.jquery.com/ui/1.10.3/themes/smoothness/images/ui-icons_888888_256x240.png]
[code.jquery.com/ui/1.10.3/themes/smoothness/images/ui-icons_454545_256x240.png]
[code.jquery.com/ui/1.10.3/themes/smoothness/images/ui-icons_2e83ff_256x240.png]
[code.jquery.com/ui/1.10.3/themes/smoothness/images/ui-icons_cd0a0a_256x240.png]
[code.jquery.com/ui/1.10.3/themes/smoothness/images/ui-bg_flat_0_aaaaaa_40x100.png]
[code.jquery.com/ui/1.10.3/themes/smoothness/jquery-ui.css]
[themes.startbootstrap.com/flex-admin-v1.2/css/plugins/bootstrap-tokenfield/tokenfield-typeahead.css]
[themes.startbootstrap.com/flex-admin-v1.2/css/plugins/bootstrap-tokenfield/bootstrap-tokenfield.css]
[themes.startbootstrap.com/flex-admin-v1.2/css/plugins/bootstrap-datepicker/datepicker3.css]
[code.jquery.com/ui/1.10.3/jquery-ui.js]
[themes.startbootstrap.com/flex-admin-v1.2/css/plugins/summernote/summernote.css]
[themes.startbootstrap.com/flex-admin-v1.2/css/plugins/summernote/summernote-bs3.css]
[themes.startbootstrap.com/flex-admin-v1.2/css/plugins/dropzone/images/spritemap.png]
[themes.startbootstrap.com/flex-admin-v1.2/css/plugins/dropzone/images/spritemap@2x.png]
[themes.startbootstrap.com/flex-admin-v1.2/css/plugins/dropzone/css/dropzone.css]
[themes.startbootstrap.com/flex-admin-v1.2/css/plugins/ladda/ladda-themeless.min.css]
[themes.startbootstrap.com/flex-admin-v1.2/css/plugins/bootstrap-social/bootstrap-social.css]
[themes.startbootstrap.com/flex-admin-v1.2/css/plugins/bootstrap-multiselect/bootstrap-multiselect.css]
